exports[`TodoList renders properly 1`] = `
<div>
  <div
    className="todo-item"
    id="list_item_7f614587-d604-4993-adce-b627f894f80f"
    onClick={[Function]}>
    <div>
      <input
        checked={false}
        type="checkbox" />
    </div>
    <div>
      <p>
        test_one
      </p>
      <p
        className="todo__subtext">
        Created 15 02 2017 | 11:55
      </p>
    </div>
  </div>
  <div
    className="todo-item"
    id="list_item_77527ba7-a353-438a-ac45-49ef44d3f108"
    onClick={[Function]}>
    <div>
      <input
        checked={false}
        type="checkbox" />
    </div>
    <div>
      <p>
        test_two
      </p>
      <p
        className="todo__subtext">
        Created 15 02 2017 | 11:55
      </p>
    </div>
  </div>
</div>
`;
