exports[`TodoItem renders properly 1`] = `
<div
  className="todo-item"
  id="list_item_90a7e3bf-8c29-453a-a852-a7894c103861"
  onClick={[Function]}>
  <div>
    <input
      checked={false}
      type="checkbox" />
  </div>
  <div>
    <p>
      one
    </p>
    <p
      className="todo__subtext">
      Created 15 02 2017 | 14:27
    </p>
  </div>
</div>
`;
