exports[`TodoItem renders properly 1`] = `
<div
  className="todo-item"
  id="list_item_102fcfe3-589d-44f2-a660-a0bde1878dbb"
  onClick={[Function]}>
  <div>
    <input
      checked={false}
      type="checkbox" />
  </div>
  <div>
    <p>
      one
    </p>
    <p
      className="todo__subtext">
      Created 15 02 2017 | 16:49
    </p>
  </div>
</div>
`;
