exports[`TodoItem renders properly 1`] = `
<div
  className="todo-item"
  id="list_item_dddd1e60-e240-4aab-a87c-de5cf7961933"
  onClick={[Function]}>
  <div>
    <input
      checked={false}
      type="checkbox" />
  </div>
  <div>
    <p>
      one
    </p>
    <p
      className="todo__subtext">
      Created 15 02 2017 | 15:02
    </p>
  </div>
</div>
`;
