exports[`TodosFilter  renders properly 1`] = `
<div
  className="container__header">
  <div>
    <input
      onChange={[Function]}
      placeholder="Search in todos"
      type="search" />
  </div>
  <label>
    <input
      onChange={[Function]}
      type="checkbox" />
     Show completed todos
  </label>
</div>
`;
