exports[`Todo app renders properly 1`] = `
<div>
  <h1>
    Todo
  </h1>
  <div>
    <div>
      <input
        onChange={[Function]}
        placeholder="Search in todos"
        type="search" />
    </div>
    <label>
      <input
        onChange={[Function]}
        type="checkbox" />
    </label>
  </div>
  <div>
    <h1>
      List of items:
    </h1>
    <ul />
  </div>
  <form
    className="form"
    onSubmit={[Function]}>
    <input
      placeholder="What do you need to do?"
      type="text" />
    <button
      className="button expanded">
      Add todo
    </button>
  </form>
</div>
`;
