exports[`TodoList renders properly 1`] = `
<div>
  <div
    className="todo-item"
    id="list_item_6dfe3c6f-f48c-4294-8351-714abd492956"
    onClick={[Function]}>
    <div>
      <input
        checked={false}
        type="checkbox" />
    </div>
    <div>
      <p>
        test_one
      </p>
      <p
        className="todo__subtext">
        Created 15 02 2017 | 15:03
      </p>
    </div>
  </div>
  <div
    className="todo-item"
    id="list_item_f422548e-9006-4083-a6f9-6027ce84a8f1"
    onClick={[Function]}>
    <div>
      <input
        checked={false}
        type="checkbox" />
    </div>
    <div>
      <p>
        test_two
      </p>
      <p
        className="todo__subtext">
        Created 15 02 2017 | 15:03
      </p>
    </div>
  </div>
</div>
`;
